
  build_output_3.log:17:[INF
O] -------------------------
----------------------------
--------
  build_output_3.log:18:[WAR
NING] system modules path 
not set in conjunction with 
-source 17
  build_output_3.log:19:[INF
O] 1 warning
  build_output_3.log:20:[INF
O] -------------------------
----------------------------
--------
  build_output_3.log:21:[INF
O] -------------------------
----------------------------
--------
> build_output_3.log:22:[ERR
OR] COMPILATION ERROR : 
  build_output_3.log:23:[INF
O] -------------------------
----------------------------
--------
> build_output_3.log:24:[ERR
OR] /C:/Users/user/OneDrive/
Bureau/tripx/tripx/src/main/
java/tn/esprit/controllers/u
ser/AccommodationsController
.java:[138,35] package 
Worker does not exist
> build_output_3.log:25:[ERR
OR] /C:/Users/user/OneDrive/
Bureau/tripx/tripx/src/main/
java/tn/esprit/controllers/u
ser/AccommodationsController
.java:[140,17] cannot find 
symbol
  build_output_3.log:26:  
symbol:   class JSObject
  build_output_3.log:27:  
location: class tn.esprit.co
ntrollers.user.Accommodation
sController
> build_output_3.log:28:[ERR
OR] /C:/Users/user/OneDrive/
Bureau/tripx/tripx/src/main/
java/tn/esprit/controllers/u
ser/AccommodationsController
.java:[140,36] cannot find 
symbol
  build_output_3.log:29:  
symbol:   class JSObject
  build_output_3.log:30:  
location: class tn.esprit.co
ntrollers.user.Accommodation
sController
> build_output_3.log:31:[ERR
OR] /C:/Users/user/OneDrive/
Bureau/tripx/tripx/src/main/
java/tn/esprit/controllers/u
ser/AccommodationsController
.java:[522,17] cannot find 
symbol
  build_output_3.log:32:  
symbol:   class HBox
  build_output_3.log:33:  
location: class tn.esprit.co
ntrollers.user.Accommodation
sController
> build_output_3.log:34:[ERR
OR] /C:/Users/user/OneDrive/
Bureau/tripx/tripx/src/main/
java/tn/esprit/controllers/u
ser/AccommodationsController
.java:[522,32] cannot find 
symbol
  build_output_3.log:35:  
symbol:   class HBox
  build_output_3.log:36:  
location: class tn.esprit.co
ntrollers.user.Accommodation
sController
> build_output_3.log:37:[ERR
OR] /C:/Users/user/OneDrive/
Bureau/tripx/tripx/src/main/
java/tn/esprit/controllers/u
ser/UserBookingsController.j
ava:[154,21] cannot find 
symbol
  build_output_3.log:38:  
symbol: class Region
> build_output_3.log:39:[ERR
OR] /C:/Users/user/OneDrive/
Bureau/tripx/tripx/src/main/
java/tn/esprit/controllers/u
ser/UserBookingsController.j
ava:[154,41] cannot find 
symbol
  build_output_3.log:40:  
symbol: class Region
> build_output_3.log:41:[ERR
OR] /C:/Users/user/OneDrive/
Bureau/tripx/tripx/src/main/
java/tn/esprit/controllers/u
ser/UserBookingsController.j
ava:[155,43] cannot find 
symbol
  build_output_3.log:42:  
symbol: variable Priority
> build_output_3.log:43:[ERR
OR] /C:/Users/user/OneDrive/
Bureau/tripx/tripx/src/main/
java/tn/esprit/controllers/u
ser/UserBookingsController.j
ava:[224,21] cannot find 
symbol
  build_output_3.log:44:  
symbol: class Region
> build_output_3.log:45:[ERR
OR] /C:/Users/user/OneDrive/
Bureau/tripx/tripx/src/main/
java/tn/esprit/controllers/u
ser/UserBookingsController.j
ava:[224,47] cannot find 
symbol
  build_output_3.log:46:  
symbol: class Region
> build_output_3.log:47:[ERR
OR] /C:/Users/user/OneDrive/
Bureau/tripx/tripx/src/main/
java/tn/esprit/controllers/u
ser/UserBookingsController.j
ava:[225,49] cannot find 
symbol
  build_output_3.log:48:  
symbol: variable Priority
> build_output_3.log:49:[ERR
OR] /C:/Users/user/OneDrive/
Bureau/tripx/tripx/src/main/
java/tn/esprit/controllers/u
ser/UserDestinationsControll
er.java:[312,9] cannot find 
symbol
  build_output_3.log:50:  
symbol:   class HBox
  build_output_3.log:51:  
location: class tn.esprit.co
ntrollers.user.UserDestinati
onsController
> build_output_3.log:52:[ERR
OR] /C:/Users/user/OneDrive/
Bureau/tripx/tripx/src/main/
java/tn/esprit/controllers/u
ser/UserDestinationsControll
er.java:[312,28] cannot 
find symbol
  build_output_3.log:53:  
symbol:   class HBox
  build_output_3.log:54:  
location: class tn.esprit.co
ntrollers.user.UserDestinati
onsController
> build_output_3.log:55:[ERR
OR] /C:/Users/user/OneDrive/
Bureau/tripx/tripx/src/main/
java/tn/esprit/controllers/u
ser/UserDestinationsControll
er.java:[392,17] cannot 
find symbol
  build_output_3.log:56:  
symbol:   class HBox
  build_output_3.log:57:  
location: class tn.esprit.co
ntrollers.user.UserDestinati
onsController
> build_output_3.log:58:[ERR
OR] /C:/Users/user/OneDrive/
Bureau/tripx/tripx/src/main/
java/tn/esprit/controllers/u
ser/UserDestinationsControll
er.java:[392,35] cannot 
find symbol
  build_output_3.log:59:  
symbol:   class HBox
  build_output_3.log:60:  
location: class tn.esprit.co
ntrollers.user.UserDestinati
onsController
> build_output_3.log:61:[ERR
OR] /C:/Users/user/OneDrive/
Bureau/tripx/tripx/src/main/
java/tn/esprit/controllers/u
ser/UserDestinationsControll
er.java:[403,17] cannot 
find symbol
  build_output_3.log:62:  
symbol:   variable HBox
  build_output_3.log:63:  
location: class tn.esprit.co
ntrollers.user.UserDestinati
onsController
> build_output_3.log:64:[ERR
OR] /C:/Users/user/OneDrive/
Bureau/tripx/tripx/src/main/
java/tn/esprit/controllers/u
ser/UserDestinationsControll
er.java:[570,18] cannot 
find symbol
  build_output_3.log:65:  
symbol:   class IOException
  build_output_3.log:66:  
location: class tn.esprit.co
ntrollers.user.UserDestinati
onsController
> build_output_3.log:67:[ERR
OR] /C:/Users/user/OneDrive/
Bureau/tripx/tripx/src/main/
java/tn/esprit/controllers/u
ser/UserActivitiesController
.java:[248,9] cannot find 
symbol
  build_output_3.log:68:  
symbol:   class HBox
  build_output_3.log:69:  
location: class tn.esprit.co
ntrollers.user.UserActivitie
sController
> build_output_3.log:70:[ERR
OR] /C:/Users/user/OneDrive/
Bureau/tripx/tripx/src/main/
java/tn/esprit/controllers/u
ser/UserActivitiesController
.java:[248,29] cannot find 
symbol
  build_output_3.log:71:  
symbol:   class HBox
  build_output_3.log:72:  
location: class tn.esprit.co
ntrollers.user.UserActivitie
sController
> build_output_3.log:73:[INF
O] 19 errors 
  build_output_3.log:74:[INF
O] -------------------------
----------------------------
--------
  build_output_3.log:75:[INF
O] -------------------------
----------------------------
-------------------
  build_output_3.log:76:[INF
O] BUILD FAILURE
  build_output_3.log:77:[INF
O] -------------------------
----------------------------
-------------------
  build_output_3.log:78:[INF
O] Total time:  3.147 s
  build_output_3.log:79:[INF
O] Finished at: 
2026-02-25T17:40:00+01:00
  build_output_3.log:80:[INF
O] -------------------------
----------------------------
-------------------
> build_output_3.log:81:[ERR
OR] Failed to execute goal o
rg.apache.maven.plugins:mave
n-compiler-plugin:3.11.0:com
pile (default-compile) on 
project tripx: Compilation 
failure: Compilation 
failure: 
> build_output_3.log:82:[ERR
OR] /C:/Users/user/OneDrive/
Bureau/tripx/tripx/src/main/
java/tn/esprit/controllers/u
ser/AccommodationsController
.java:[138,35] package 
Worker does not exist
> build_output_3.log:83:[ERR
OR] /C:/Users/user/OneDrive/
Bureau/tripx/tripx/src/main/
java/tn/esprit/controllers/u
ser/AccommodationsController
.java:[140,17] cannot find 
symbol
> build_output_3.log:84:[ERR
OR]   symbol:   class 
JSObject
> build_output_3.log:85:[ERR
OR]   location: class tn.esp
rit.controllers.user.Accommo
dationsController
> build_output_3.log:86:[ERR
OR] /C:/Users/user/OneDrive/
Bureau/tripx/tripx/src/main/
java/tn/esprit/controllers/u
ser/AccommodationsController
.java:[140,36] cannot find 
symbol
> build_output_3.log:87:[ERR
OR]   symbol:   class 
JSObject
> build_output_3.log:88:[ERR
OR]   location: class tn.esp
rit.controllers.user.Accommo
dationsController
> build_output_3.log:89:[ERR
OR] /C:/Users/user/OneDrive/
Bureau/tripx/tripx/src/main/
java/tn/esprit/controllers/u
ser/AccommodationsController
.java:[522,17] cannot find 
symbol
> build_output_3.log:90:[ERR
OR]   symbol:   class HBox
> build_output_3.log:91:[ERR
OR]   location: class tn.esp
rit.controllers.user.Accommo
dationsController
> build_output_3.log:92:[ERR
OR] /C:/Users/user/OneDrive/
Bureau/tripx/tripx/src/main/
java/tn/esprit/controllers/u
ser/AccommodationsController
.java:[522,32] cannot find 
symbol
> build_output_3.log:93:[ERR
OR]   symbol:   class HBox
> build_output_3.log:94:[ERR
OR]   location: class tn.esp
rit.controllers.user.Accommo
dationsController
> build_output_3.log:95:[ERR
OR] /C:/Users/user/OneDrive/
Bureau/tripx/tripx/src/main/
java/tn/esprit/controllers/u
ser/UserBookingsController.j
ava:[154,21] cannot find 
symbol
> build_output_3.log:96:[ERR
OR]   symbol: class Region
> build_output_3.log:97:[ERR
OR] /C:/Users/user/OneDrive/
Bureau/tripx/tripx/src/main/
java/tn/esprit/controllers/u
ser/UserBookingsController.j
ava:[154,41] cannot find 
symbol
> build_output_3.log:98:[ERR
OR]   symbol: class Region
> build_output_3.log:99:[ERR
OR] /C:/Users/user/OneDrive/
Bureau/tripx/tripx/src/main/
java/tn/esprit/controllers/u
ser/UserBookingsController.j
ava:[155,43] cannot find 
symbol
> build_output_3.log:100:[ER
ROR]   symbol: variable 
Priority
> build_output_3.log:101:[ER
ROR] /C:/Users/user/OneDrive
/Bureau/tripx/tripx/src/main
/java/tn/esprit/controllers/
user/UserBookingsController.
java:[224,21] cannot find 
symbol
> build_output_3.log:102:[ER
ROR]   symbol: class Region
> build_output_3.log:103:[ER
ROR] /C:/Users/user/OneDrive
/Bureau/tripx/tripx/src/main
/java/tn/esprit/controllers/
user/UserBookingsController.
java:[224,47] cannot find 
symbol
> build_output_3.log:104:[ER
ROR]   symbol: class Region
> build_output_3.log:105:[ER
ROR] /C:/Users/user/OneDrive
/Bureau/tripx/tripx/src/main
/java/tn/esprit/controllers/
user/UserBookingsController.
java:[225,49] cannot find 
symbol
> build_output_3.log:106:[ER
ROR]   symbol: variable 
Priority
> build_output_3.log:107:[ER
ROR] /C:/Users/user/OneDrive
/Bureau/tripx/tripx/src/main
/java/tn/esprit/controllers/
user/UserDestinationsControl
ler.java:[312,9] cannot 
find symbol
> build_output_3.log:108:[ER
ROR]   symbol:   class HBox
> build_output_3.log:109:[ER
ROR]   location: class tn.es
prit.controllers.user.UserDe
stinationsController
> build_output_3.log:110:[ER
ROR] /C:/Users/user/OneDrive
/Bureau/tripx/tripx/src/main
/java/tn/esprit/controllers/
user/UserDestinationsControl
ler.java:[312,28] cannot 
find symbol
> build_output_3.log:111:[ER
ROR]   symbol:   class HBox
> build_output_3.log:112:[ER
ROR]   location: class tn.es
prit.controllers.user.UserDe
stinationsController
> build_output_3.log:113:[ER
ROR] /C:/Users/user/OneDrive
/Bureau/tripx/tripx/src/main
/java/tn/esprit/controllers/
user/UserDestinationsControl
ler.java:[392,17] cannot 
find symbol
> build_output_3.log:114:[ER
ROR]   symbol:   class HBox
> build_output_3.log:115:[ER
ROR]   location: class tn.es
prit.controllers.user.UserDe
stinationsController
> build_output_3.log:116:[ER
ROR] /C:/Users/user/OneDrive
/Bureau/tripx/tripx/src/main
/java/tn/esprit/controllers/
user/UserDestinationsControl
ler.java:[392,35] cannot 
find symbol
> build_output_3.log:117:[ER
ROR]   symbol:   class HBox
> build_output_3.log:118:[ER
ROR]   location: class tn.es
prit.controllers.user.UserDe
stinationsController
> build_output_3.log:119:[ER
ROR] /C:/Users/user/OneDrive
/Bureau/tripx/tripx/src/main
/java/tn/esprit/controllers/
user/UserDestinationsControl
ler.java:[403,17] cannot 
find symbol
> build_output_3.log:120:[ER
ROR]   symbol:   variable 
HBox
> build_output_3.log:121:[ER
ROR]   location: class tn.es
prit.controllers.user.UserDe
stinationsController
> build_output_3.log:122:[ER
ROR] /C:/Users/user/OneDrive
/Bureau/tripx/tripx/src/main
/java/tn/esprit/controllers/
user/UserDestinationsControl
ler.java:[570,18] cannot 
find symbol
> build_output_3.log:123:[ER
ROR]   symbol:   class 
IOException
> build_output_3.log:124:[ER
ROR]   location: class tn.es
prit.controllers.user.UserDe
stinationsController
> build_output_3.log:125:[ER
ROR] /C:/Users/user/OneDrive
/Bureau/tripx/tripx/src/main
/java/tn/esprit/controllers/
user/UserActivitiesControlle
r.java:[248,9] cannot find 
symbol
> build_output_3.log:126:[ER
ROR]   symbol:   class HBox
> build_output_3.log:127:[ER
ROR]   location: class tn.es
prit.controllers.user.UserAc
tivitiesController
> build_output_3.log:128:[ER
ROR] /C:/Users/user/OneDrive
/Bureau/tripx/tripx/src/main
/java/tn/esprit/controllers/
user/UserActivitiesControlle
r.java:[248,29] cannot find 
symbol
> build_output_3.log:129:[ER
ROR]   symbol:   class HBox
> build_output_3.log:130:[ER
ROR]   location: class tn.es
prit.controllers.user.UserAc
tivitiesController
> build_output_3.log:131:[ER
ROR] -> [Help 1]
> build_output_3.log:132:[ER
ROR] 
> build_output_3.log:133:[ER
ROR] To see the full stack 
trace of the errors, re-run 
Maven with the -e switch.
> build_output_3.log:134:[ER
ROR] Re-run Maven using the 
-X switch to enable full 
debug logging.
> build_output_3.log:135:[ER
ROR] 
> build_output_3.log:136:[ER
ROR] For more information 
about the errors and 
possible solutions, please 
read the following articles:
> build_output_3.log:137:[ER
ROR] [Help 1] http://cwiki.a
pache.org/confluence/display
/MAVEN/MojoFailureException


