[INFO] Scanning for projects...
[INFO] 
[INFO] --------------------------< tn.esprit:tripx >---------------------------
[INFO] Building TRIPX 1.0-SNAPSHOT
[INFO]   from pom.xml
[INFO] --------------------------------[ jar ]---------------------------------
[INFO] 
[INFO] >>> javafx:0.0.8:run (default-cli) > process-classes @ tripx >>>
[WARNING] 6 problems were encountered while building the effective model for org.openjfx:javafx-controls:jar:17.0.2 during dependency collection step for project (use -X to see details)
[WARNING] 6 problems were encountered while building the effective model for org.openjfx:javafx-controls:jar:20 during dependency collection step for project (use -X to see details)
[WARNING] 6 problems were encountered while building the effective model for org.openjfx:javafx-controls:jar:18 during dependency collection step for project (use -X to see details)
[WARNING] 6 problems were encountered while building the effective model for org.openjfx:javafx-controls:jar:19.0.2.1 during dependency collection step for project (use -X to see details)
[WARNING] 6 problems were encountered while building the effective model for org.openjfx:javafx-controls:jar:17.0.1 during dependency collection step for project (use -X to see details)
[INFO] 
[INFO] --- resources:3.3.1:resources (default-resources) @ tripx ---
[INFO] Copying 95 resources from src\main\resources to target\classes
[INFO] Copying 0 resource from src\main\java to target\classes
[INFO] 
[INFO] --- compiler:3.11.0:compile (default-compile) @ tripx ---
[INFO] Nothing to compile - all classes are up to date
[INFO] 
[INFO] <<< javafx:0.0.8:run (default-cli) < process-classes @ tripx <<<
[INFO] 
[INFO] 
[INFO] --- javafx:0.0.8:run (default-cli) @ tripx ---
? Connected to database successfully!
Login successful!
?? No .env file found. Using system environment variables.
? Retrieved 102 destinations
? Retrieved 102 destinations
[INFO] ------------------------------------------------------------------------
[INFO] BUILD SUCCESS
[INFO] ------------------------------------------------------------------------
[INFO] Total time:  13:26 min
[INFO] Finished at: 2026-05-11T16:55:08+01:00
[INFO] ------------------------------------------------------------------------
